// Jest Snapshot v1, https://goo.gl/fbAQLP

exports[`Pruebas en <AddCategory /> Construcci√≥n correcta del componente 1`] = `
<Fragment>
  <form
    onSubmit={[Function]}
  >
    <p />
    <h5>
      Add Category
    </h5>
    <input
      onChange={[Function]}
      type="text"
      value=""
    />
  </form>
</Fragment>
`;
