// Jest Snapshot v1, https://goo.gl/fbAQLP

exports[`Pruebas en componente <GifGridItem /> Obtenci√≥n correcta del componente en condiciones normales 1`] = `
<div
  className="card animate__animated animate__fadeIn"
>
  <img
    alt="titleComponent"
    src="urlComponent"
  />
  <p>
    titleComponent
  </p>
</div>
`;
